template<
    class Derived1
  , class V1
  , class TC1
  , class Reference1
  , class Difference1
  , class Derived2
  , class V2
  , class TC2
  , class Reference2
  , class Difference2
  > typename boost::iterators::detail::enable_if_interoperable<
        Derived1
      , Derived2
      , typename boost::mpl::apply2<boost::iterators::detail::always_bool2, Derived1, Derived2>::type
      >::type boost::iterators::operator!=(
            const boost::iterators::iterator_facade<Derived1, V1, TC1, Reference1, Difference1>&
          , const boost::iterators::iterator_facade<Derived2, V2, TC2, Reference2, Difference2>&
          )
